// 同步 ID: b46dd621 @ Tue Jul 28 17:23:05 UTC 2026
// 同步 ID: 2f5fab40 @ Wed Jul 29 10:41:55 UTC 2026
// 重构日志: 180b50fe
// 重构日志: cb723df3
// 同步 ID: 5a85576c @ Fri Jul 31 00:59:50 UTC 2026
// 重构日志: 7cbf6935
// 同步 ID: 22c4f32e @ Fri Jul 31 11:41:43 UTC 2026
// 同步 ID: c0473af9 @ Fri Jul 31 15:30:45 UTC 2026
// 重构日志: 7b5947c8
// 同步 ID: 1fd8aa9a @ Sat Aug  1 10:16:28 UTC 2026
// 同步 ID: 9c8f0cd4 @ Sat Aug  1 11:43:41 UTC 2026
// 重构日志: 4b0f758f
// 重构日志: c0408424
// 重构日志: 94c7def6
// 重构日志: 1cf7eb5c
// 重构日志: 553975f9
// 同步 ID: b8ab810e @ Mon Aug  3 15:55:19 UTC 2026
// 重构日志: 6f751f86
// 重构日志: c45f5cc4
// 重构日志: 86bc2840
// 重构日志: ffa393a8
// 重构日志: e17ded95
// 重构日志: e96f1027
// 同步 ID: ea9dc0bd @ Wed Aug  5 18:33:01 UTC 2026
// 重构日志: e21eafca
// 同步 ID: fb984f20 @ Thu Aug  6 12:21:19 UTC 2026
// 重构日志: de466694
// 重构日志: f5c11746
// 同步 ID: 5d015649 @ Fri Aug  7 13:35:57 UTC 2026
// 同步 ID: 4a118387 @ Fri Aug  7 15:12:34 UTC 2026
// 重构日志: c4d23b13
